
> haniwon-healthcare@0.1.0 build
> next build

   ??Next.js 16.0.10 (Turbopack)

node.exe :  ??The "mid
dleware" file conventi
on is deprecated. Plea
se use "proxy" instead
. Learn more: https://
nextjs.org/docs/messag
es/middleware-to-proxy
위치 줄:1 문자:1
+ & "C:\Program Files\
nodejs/node.exe" "C:\P
rogram Files\nodejs/no
de_mo ...
+ ~~~~~~~~~~~~~~~~~~~~
~~~~~~~~~~~~~~~~~~~~~~
~~~~~~~~~~~~~~~~~~~~~~
~~~~~
    + CategoryInfo    
          : NotSpeci  
  fied: ( ??The "mi   
 ddlew...leware-to    
-proxy:String) []    ,
 RemoteException
    + FullyQualifiedE 
   rrorId : NativeCo  
  mmandError
 
   Creating an optimized production build ...

> Build error occurred
Error: Turbopack build
 failed with 1 errors:
./src/lib/config/hospi
tal.ts:1:1
Module not found: Can'
t resolve 'fs'
[0m[31m[1m>[22m[3
9m[90m 1 |[39m [36m
import[39m fs [36mfr
om[39m [32m'fs'[39m
[33m;[39m
 [90m   |[39m [31m
[1m^[22m[39m[31m[1
m^[22m[39m[31m[1m^
[22m[39m[31m[1m^[
22m[39m[31m[1m^[22
m[39m[31m[1m^[22m
[39m[31m[1m^[22m[3
9m[31m[1m^[22m[39m
[31m[1m^[22m[39m[
31m[1m^[22m[39m[31
m[1m^[22m[39m[31m
[1m^[22m[39m[31m[1
m^[22m[39m[31m[1m^
[22m[39m[31m[1m^[
22m[39m[31m[1m^[22
m[39m[31m[1m^[22m
[39m[31m[1m^[22m[3
9m[31m[1m^[22m[39m
[31m[1m^[22m[39m
 [90m 2 |[39m [36mi
mport[39m path [36mf
rom[39m [32m'path'[
39m[33m;[39m
 [90m 3 |[39m [36mi
mport[39m { parseHosp
italConfig[33m,[39m 
[33mHospitalConfig[3
9m } [36mfrom[39m [
32m'./parser'[39m[33
m;[39m
 [90m 4 |[39m[0m



Import traces:
  App Route:
    ./src/lib/config/h
ospital.ts
    ./src/app/api/heal
thcare/chat/route.ts

  Server Component:
    ./src/lib/config/h
ospital.ts
    ./src/app/medical/
layout.tsx

  Client Component SSR
:
    ./src/lib/config/h
ospital.ts [Client Com
ponent SSR]
    ./src/components/m
edical/PatientHeader.t
sx [Client Component S
SR]
    ./src/app/medical/
care/page.tsx [Client 
Component SSR]
    ./src/app/medical/
care/page.tsx [Server 
Component]

  Client Component Bro
wser:
    ./src/lib/config/h
ospital.ts [Client Com
ponent Browser]
    ./src/components/m
edical/ReservationModa
l.tsx [Client Componen
t Browser]
    ./src/components/c
hat/ChatInterface.tsx 
[Client Component Brow
ser]
    ./src/components/c
hat/ChatInterface.tsx 
[Server Component]
    ./src/app/healthca
re/chat/page.tsx [Serv
er Component]

https://nextjs.org/doc
s/messages/module-not-
found


    at <unknown> (./sr
c/lib/config/hospital.
ts:1:1)
    at <unknown> (http
s://nextjs.org/docs/me
ssages/module-not-foun
d)
